// Jest Snapshot v1, https://goo.gl/fbAQLP

exports[`Address is optional in schema and undefined in object 1`] = `
Object {
  "errorMessage": "",
  "errorPath": Array [],
  "isValid": true,
  "properties": Object {
    "address": Object {
      "errorMessage": "",
      "errorPath": Array [],
      "isValid": true,
      "properties": Object {},
    },
    "name": Object {
      "errorMessage": "",
      "errorPath": Array [],
      "isValid": true,
    },
  },
}
`;
