// Jest Snapshot v1, https://goo.gl/fbAQLP

exports[`Test multi-level 1`] = `
Object {
  "errorMessage": "",
  "fieldPath": Array [],
  "isValid": false,
  "properties": Object {
    "name": Object {
      "errorMessage": "Required field.",
      "fieldPath": Array [
        "name",
      ],
      "isValid": false,
    },
    "next": Object {
      "errorMessage": "Required field.",
      "fieldPath": Array [
        "next",
      ],
      "isValid": false,
      "properties": Object {
        "name": Object {
          "errorMessage": "Required field.",
          "fieldPath": Array [
            "next",
            "name",
          ],
          "isValid": false,
        },
        "next": Object {
          "errorMessage": "Required field.",
          "fieldPath": Array [
            "next",
            "next",
          ],
          "isValid": false,
          "properties": Object {
            "name": Object {
              "errorMessage": "Required field.",
              "fieldPath": Array [
                "next",
                "next",
                "name",
              ],
              "isValid": false,
            },
            "next": Object {
              "errorMessage": "Required field.",
              "fieldPath": Array [
                "next",
                "next",
                "next",
              ],
              "isValid": false,
              "properties": Object {
                "name": Object {
                  "errorMessage": "Required field.",
                  "fieldPath": Array [
                    "next",
                    "next",
                    "next",
                    "name",
                  ],
                  "isValid": false,
                },
              },
            },
          },
        },
      },
    },
  },
}
`;
