// Jest Snapshot v1, https://goo.gl/fbAQLP

exports[`Test multi-level 1`] = `
{
  "errorMessage": "Required field.",
  "errorPath": [
    "name",
  ],
  "isValid": false,
  "properties": {
    "name": {
      "errorMessage": "Required field.",
      "errorPath": [],
      "isValid": false,
    },
    "next": {
      "errorMessage": "Required field.",
      "errorPath": [],
      "isValid": false,
      "properties": {},
    },
  },
}
`;
