// Jest Snapshot v1, https://goo.gl/fbAQLP

exports[`Test multi-level 1`] = `
Object {
  "errorMessage": "",
  "isValid": false,
  "properties": Object {
    "address": Object {
      "errorMessage": "",
      "isValid": false,
      "properties": Object {
        "country": Object {
          "errorMessage": "Should be at least 8 characters.",
          "isValid": false,
        },
        "line1": Object {
          "errorMessage": "",
          "isValid": true,
        },
      },
    },
    "name": Object {
      "errorMessage": "",
      "isValid": true,
    },
  },
}
`;
