// Jest Snapshot v1, https://goo.gl/fbAQLP

exports[`Address is optional in schema and undefined in object 1`] = `
{
  "errorMessage": "",
  "errorPath": [],
  "isValid": true,
  "properties": {
    "address": {
      "errorMessage": "",
      "errorPath": [],
      "isValid": true,
      "properties": {},
    },
    "name": {
      "errorMessage": "",
      "errorPath": [],
      "isValid": true,
    },
  },
}
`;
