// Jest Snapshot v1, https://goo.gl/fbAQLP

exports[`Test multi-level 1`] = `
{
  "errorMessage": "Should be at least 8 characters.",
  "errorPath": [
    "address",
    "country",
  ],
  "isValid": false,
  "properties": {
    "address": {
      "errorMessage": "Should be at least 8 characters.",
      "errorPath": [
        "country",
      ],
      "isValid": false,
      "properties": {
        "country": {
          "errorMessage": "Should be at least 8 characters.",
          "errorPath": [],
          "isValid": false,
        },
        "line1": {
          "errorMessage": "",
          "errorPath": [],
          "isValid": true,
        },
      },
    },
    "name": {
      "errorMessage": "",
      "errorPath": [],
      "isValid": true,
    },
  },
}
`;
